// Jest Snapshot v1, https://goo.gl/fbAQLP

exports[`Calculator component renders the calculator correctly 1`] = `
<div>
  <div
    class="sc-bcPKhP ggJYKu"
  >
    <div
      class="sc-grXZZQ egCVrU"
    >
      <h3>
        Let's do some maths!
      </h3>
    </div>
    <div
      class="calculator"
    >
      <div
        class="display"
      />
      <div
        class="buttons-row"
      >
        <button
          type="button"
        >
          AC
        </button>
        <button
          type="button"
        >
          +/-
        </button>
        <button
          type="button"
        >
          %
        </button>
        <button
          type="button"
        >
          รท
        </button>
      </div>
      <div
        class="buttons-row"
      >
        <button
          type="button"
        >
          7
        </button>
        <button
          type="button"
        >
          8
        </button>
        <button
          type="button"
        >
          9
        </button>
        <button
          type="button"
        >
          x
        </button>
      </div>
      <div
        class="buttons-row"
      >
        <button
          type="button"
        >
          4
        </button>
        <button
          type="button"
        >
          5
        </button>
        <button
          type="button"
        >
          6
        </button>
        <button
          type="button"
        >
          -
        </button>
      </div>
      <div
        class="buttons-row"
      >
        <button
          type="button"
        >
          1
        </button>
        <button
          type="button"
        >
          2
        </button>
        <button
          type="button"
        >
          3
        </button>
        <button
          type="button"
        >
          +
        </button>
      </div>
      <div
        class="buttons-row last-buttons"
      >
        <button
          type="button"
        >
          0
        </button>
        <button
          type="button"
        >
          .
        </button>
        <button
          type="button"
        >
          =
        </button>
      </div>
    </div>
  </div>
</div>
`;
